python : INFO:app.ml.model_
loader:Using device: cpu
At line:1 char:1
+ python -X utf8 
test_ml_pipeline.py > 
test_output.txt 2>&1; 
Get-Conten ...
+ ~~~~~~~~~~~~~~~~~~~~~~~~~
~~~~~~~~~~~~~~~~~~~~~~~~~~~
~~~~~
    + CategoryInfo         
     : NotSpecified: (INF  
  O:app.ml.mod...ing dev   
 ice: cpu:String) [], R    
emoteException
    + FullyQualifiedErrorI 
   d : NativeCommandError
 
INFO:app.ml.model_loader:Lo
ading toxicity model: 
unitary/toxic-bert
INFO:app.ml.model_loader:To
xicity model loaded 
successfully 
(unitary/toxic-bert)
INFO:app.ml.efficientnet_mo
del:NSFW Detector using 
device: cpu
INFO:app.ml.model_loader:Lo
ading NSFW model: Falconsai
/nsfw_image_detection
INFO:app.ml.model_loader:NS
FW model loaded 
successfully (Falconsai/nsf
w_image_detection)
INFO:app.ml.efficientnet_mo
del:NSFW detector 
initialized with Falconsai 
model
INFO:app.ml.nsfw_model:Init
ializing NSFWDetector
INFO:app.ml.nsfw_model:NSFW
Detector initialized, 
model loaded: True
INFO:app.ml.model_loader:Lo
ading CLIP model...
INFO:app.ml.model_loader:CL
IP loaded successfully
================================================================
  MODERATION PIPELINE ΓÇö COMPREHENSIVE TEST
================================================================

≡ƒôï 1. RULE ENGINE (word-boundary matching)
  ΓÇö Safe texts (should NOT be flagged):
   Γ£à "I have great skill in coding" ΓåÆ violations=[]
   Γ£à "The deadline is next week" ΓåÆ violations=[]
   Γ£à "She studied hard for exams" ΓåÆ violations=[]
   Γ£à "I hate bugs in my code" ΓåÆ violations=[]
   Γ£à "Join our photoshoot tomorrow" ΓåÆ violations=[]
   Γ£à "The soldier returned home safely" ΓåÆ violations=[]
   Γ£à "This is a die-cast metal car" ΓåÆ violations=[]
   Γ£à "The audience cheered loudly" ΓåÆ violations=[]
   Γ£à "That design is overkill" ΓåÆ violations=[]
   Γ£à "This painkiller helps a lot" ΓåÆ violations=[]

  ΓÇö Harmful texts (SHOULD be flagged):
   Γ£à "I will kill you" ΓåÆ violations=['keyword:kill you']
   Γ£à "Buy drugs here, free cocaine" ΓåÆ violations=['keyword:drugs', 'keyword:cocaine']
   Γ£à "Join the terrorist movement" ΓåÆ violations=['keyword:terrorist']
   Γ£à "I want to murder him" ΓåÆ violations=['keyword:murder']


≡ƒô¥ 2. TOXIC-BERT (Text Toxicity Analysis)

   Text: "The weather is beautiful today"
     Score: 0.0007  Toxic: False  Category: safe  Labels: []
   Γ£à Expected toxic=False, got toxic=False (score=0.0007)

   Text: "I love spending time with my family"
     Score: 0.0021  Toxic: False  Category: safe  Labels: []
   Γ£à Expected toxic=False, got toxic=False (score=0.0021)

   Text: "I hate you and want to kill everyone"
     Score: 0.9628  Toxic: True  Category: violence  Labels: ['toxic', 'threat']
   Γ£à Expected toxic=True, got toxic=True (score=0.9628)

   Text: "You are a stupid idiot and should die"
     Score: 0.9911  Toxic: True  Category: violence  Labels: ['toxic', 'obscene', 'threat', 'insult']
   Γ£à Expected toxic=True, got toxic=True (score=0.9911)

   Text: "Shut up you worthless piece of garbage"
     Score: 0.9955  Toxic: True  Category: toxic  Labels: ['toxic', 'obscene', 'insult']
   Γ£à Expected toxic=True, got toxic=True (score=0.9955)

   Γ£à toxic-bert tests complete


≡ƒö₧ 3. NSFW DETECTION (Falconsai/nsfw_image_detection)

   Image: solid_blue
     NSFW prob: 0.0024
     Is NSFW: False
     Category: normal
     Model: Falconsai/nsfw_image_detection
   Γ£à solid_blue is safe

   Image: solid_green
     NSFW prob: 0.0013
     Is NSFW: False
     Category: normal
     Model: Falconsai/nsfw_image_detection
   Γ£à solid_green is safe

   Image: random_noise
     NSFW prob: 0.0010
     Is NSFW: False
     Category: normal
     Model: Falconsai/nsfw_image_detection
   Γ£à random_noise is safe

   Γ£à NSFW tests complete


≡ƒöä 4. NSFW DETECTOR INTEGRATION
   Wrapper result:  is_nsfw=False
   Direct result:   is_nsfw=False
   Same instance?   True
   Γ£à Wrapper and direct agree
   Γ£à Integration test complete


≡ƒÄ» 5. CLIP (Image-Text Relevance)
   Similarity: 0.3166
   Relevant: True
   Γ£à CLIP returns a score
   Γ£à CLIP test complete


ΓÜû∩╕Å 6. DECISION ENGINE
   Γ£à Clean post ΓåÆ allowed
   Γ£à Toxic text ΓåÆ rejected
   Γ£à Banned keyword ΓåÆ rejected
   Γ£à NSFW image ΓåÆ rejected


≡ƒöÆ 7. FAIL-CLOSED ERROR HANDLING
   Moderation service error fallback = allowed: False  Γ£à (verified in code)

================================================================
  RESULTS:  Γ£à 29 passed   Γ¥î 0 failed
================================================================

≡ƒÄë  All tests passed! Moderation pipeline is working correctly.
